sh: /YURT/bin/bro-add-whitelist: No such file or directory
sh: /YURT/bin/bro-add-whitelist: No such file or directory
